Hello ![🅱️](https://cdn.jsdelivr.net/gh/twitter/twemoji@latest/assets/svg/1f171.svg)orld!